Archive member included to satisfy reference by file (symbol)

c:/st/stm32cubeide_1.7.0/stm32cubeide/plugins/com.st.stm32cube.ide.mcu.externaltools.gnu-tools-for-stm32.9-2020-q2-update.win32_2.0.0.202105311346/tools/bin/../lib/gcc/arm-none-eabi/9.3.1/../../../../arm-none-eabi/lib/thumb/v7-m/nofp\libc_nano.a(lib_a-errno.o)
                              ./Core/Src/syscalls.o (__errno)
c:/st/stm32cubeide_1.7.0/stm32cubeide/plugins/com.st.stm32cube.ide.mcu.externaltools.gnu-tools-for-stm32.9-2020-q2-update.win32_2.0.0.202105311346/tools/bin/../lib/gcc/arm-none-eabi/9.3.1/../../../../arm-none-eabi/lib/thumb/v7-m/nofp\libc_nano.a(lib_a-exit.o)
                              c:/st/stm32cubeide_1.7.0/stm32cubeide/plugins/com.st.stm32cube.ide.mcu.externaltools.gnu-tools-for-stm32.9-2020-q2-update.win32_2.0.0.202105311346/tools/bin/../lib/gcc/arm-none-eabi/9.3.1/../../../../arm-none-eabi/lib/thumb/v7-m/nofp/crt0.o (exit)
c:/st/stm32cubeide_1.7.0/stm32cubeide/plugins/com.st.stm32cube.ide.mcu.externaltools.gnu-tools-for-stm32.9-2020-q2-update.win32_2.0.0.202105311346/tools/bin/../lib/gcc/arm-none-eabi/9.3.1/../../../../arm-none-eabi/lib/thumb/v7-m/nofp\libc_nano.a(lib_a-impure.o)
                              c:/st/stm32cubeide_1.7.0/stm32cubeide/plugins/com.st.stm32cube.ide.mcu.externaltools.gnu-tools-for-stm32.9-2020-q2-update.win32_2.0.0.202105311346/tools/bin/../lib/gcc/arm-none-eabi/9.3.1/../../../../arm-none-eabi/lib/thumb/v7-m/nofp\libc_nano.a(lib_a-exit.o) (_global_impure_ptr)
c:/st/stm32cubeide_1.7.0/stm32cubeide/plugins/com.st.stm32cube.ide.mcu.externaltools.gnu-tools-for-stm32.9-2020-q2-update.win32_2.0.0.202105311346/tools/bin/../lib/gcc/arm-none-eabi/9.3.1/../../../../arm-none-eabi/lib/thumb/v7-m/nofp\libc_nano.a(lib_a-init.o)
                              c:/st/stm32cubeide_1.7.0/stm32cubeide/plugins/com.st.stm32cube.ide.mcu.externaltools.gnu-tools-for-stm32.9-2020-q2-update.win32_2.0.0.202105311346/tools/bin/../lib/gcc/arm-none-eabi/9.3.1/../../../../arm-none-eabi/lib/thumb/v7-m/nofp/crt0.o (__libc_init_array)
c:/st/stm32cubeide_1.7.0/stm32cubeide/plugins/com.st.stm32cube.ide.mcu.externaltools.gnu-tools-for-stm32.9-2020-q2-update.win32_2.0.0.202105311346/tools/bin/../lib/gcc/arm-none-eabi/9.3.1/../../../../arm-none-eabi/lib/thumb/v7-m/nofp\libc_nano.a(lib_a-memset.o)
                              c:/st/stm32cubeide_1.7.0/stm32cubeide/plugins/com.st.stm32cube.ide.mcu.externaltools.gnu-tools-for-stm32.9-2020-q2-update.win32_2.0.0.202105311346/tools/bin/../lib/gcc/arm-none-eabi/9.3.1/../../../../arm-none-eabi/lib/thumb/v7-m/nofp/crt0.o (memset)

Allocating common symbols
Common symbol       size              file

led7SEG_buffer      0x4               ./Core/Src/display7SEG.o
green_duration      0x1               ./Core/Src/counter.o
uwTick              0x4               ./Drivers/STM32F1xx_HAL_Driver/Src/stm32f1xx_hal.o
pFlash              0x20              ./Drivers/STM32F1xx_HAL_Driver/Src/stm32f1xx_hal_flash.o
amber_duration      0x1               ./Core/Src/counter.o
counters            0x2               ./Core/Src/counter.o
red_duration        0x1               ./Core/Src/counter.o
htim2               0x48              ./Core/Src/main.o
status              0x1               ./Core/Src/global.o

Discarded input sections

 .text          0x0000000000000000        0x0 c:/st/stm32cubeide_1.7.0/stm32cubeide/plugins/com.st.stm32cube.ide.mcu.externaltools.gnu-tools-for-stm32.9-2020-q2-update.win32_2.0.0.202105311346/tools/bin/../lib/gcc/arm-none-eabi/9.3.1/thumb/v7-m/nofp/crti.o
 .data          0x0000000000000000        0x0 c:/st/stm32cubeide_1.7.0/stm32cubeide/plugins/com.st.stm32cube.ide.mcu.externaltools.gnu-tools-for-stm32.9-2020-q2-update.win32_2.0.0.202105311346/tools/bin/../lib/gcc/arm-none-eabi/9.3.1/thumb/v7-m/nofp/crti.o
 .bss           0x0000000000000000        0x0 c:/st/stm32cubeide_1.7.0/stm32cubeide/plugins/com.st.stm32cube.ide.mcu.externaltools.gnu-tools-for-stm32.9-2020-q2-update.win32_2.0.0.202105311346/tools/bin/../lib/gcc/arm-none-eabi/9.3.1/thumb/v7-m/nofp/crti.o
 .data          0x0000000000000000        0x4 c:/st/stm32cubeide_1.7.0/stm32cubeide/plugins/com.st.stm32cube.ide.mcu.externaltools.gnu-tools-for-stm32.9-2020-q2-update.win32_2.0.0.202105311346/tools/bin/../lib/gcc/arm-none-eabi/9.3.1/thumb/v7-m/nofp/crtbegin.o
 .text          0x0000000000000000       0x7c c:/st/stm32cubeide_1.7.0/stm32cubeide/plugins/com.st.stm32cube.ide.mcu.externaltools.gnu-tools-for-stm32.9-2020-q2-update.win32_2.0.0.202105311346/tools/bin/../lib/gcc/arm-none-eabi/9.3.1/../../../../arm-none-eabi/lib/thumb/v7-m/nofp/crt0.o
 .data          0x0000000000000000        0x0 c:/st/stm32cubeide_1.7.0/stm32cubeide/plugins/com.st.stm32cube.ide.mcu.externaltools.gnu-tools-for-stm32.9-2020-q2-update.win32_2.0.0.202105311346/tools/bin/../lib/gcc/arm-none-eabi/9.3.1/../../../../arm-none-eabi/lib/thumb/v7-m/nofp/crt0.o
[...]
Memory Configuration

Name             Origin             Length             Attributes
RAM              0x0000000020000000 0x0000000000002800 xrw
FLASH            0x0000000008000000 0x0000000000008000 xr
*default*        0x0000000000000000 0xffffffffffffffff

Linker script and memory map

LOAD c:/st/stm32cubeide_1.7.0/stm32cubeide/plugins/com.st.stm32cube.ide.mcu.externaltools.gnu-tools-for-stm32.9-2020-q2-update.win32_2.0.0.202105311346/tools/bin/../lib/gcc/arm-none-eabi/9.3.1/thumb/v7-m/nofp/crti.o
LOAD c:/st/stm32cubeide_1.7.0/stm32cubeide/plugins/com.st.stm32cube.ide.mcu.externaltools.gnu-tools-for-stm32.9-2020-q2-update.win32_2.0.0.202105311346/tools/bin/../lib/gcc/arm-none-eabi/9.3.1/thumb/v7-m/nofp/crtbegin.o
LOAD c:/st/stm32cubeide_1.7.0/stm32cubeide/plugins/com.st.stm32cube.ide.mcu.externaltools.gnu-tools-for-stm32.9-2020-q2-update.win32_2.0.0.202105311346/tools/bin/../lib/gcc/arm-none-eabi/9.3.1/../../../../arm-none-eabi/lib/thumb/v7-m/nofp/crt0.o
LOAD ./Core/Src/button_reading.o
LOAD ./Core/Src/counter.o
LOAD ./Core/Src/display7SEG.o
LOAD ./Core/Src/global.o
LOAD ./Core/Src/main.o
LOAD ./Core/Src/software_timer.o
LOAD ./Core/Src/stm32f1xx_hal_msp.o
LOAD ./Core/Src/stm32f1xx_it.o
LOAD ./Core/Src/syscalls.o
LOAD ./Core/Src/sysmem.o
LOAD ./Core/Src/system_stm32f1xx.o
LOAD ./Core/Src/traffic_light_fsm_auto.o
LOAD ./Core/Src/traffic_light_fsm_man.o
LOAD ./Core/Src/traffic_light_fsm_sel.o
LOAD ./Core/Src/traffic_light_fsm_set.o
LOAD ./Core/Startup/startup_stm32f103c6ux.o
LOAD ./Drivers/STM32F1xx_HAL_Driver/Src/stm32f1xx_hal.o
LOAD ./Drivers/STM32F1xx_HAL_Driver/Src/stm32f1xx_hal_cortex.o
LOAD ./Drivers/STM32F1xx_HAL_Driver/Src/stm32f1xx_hal_dma.o
LOAD ./Drivers/STM32F1xx_HAL_Driver/Src/stm32f1xx_hal_exti.o
LOAD ./Drivers/STM32F1xx_HAL_Driver/Src/stm32f1xx_hal_flash.o
LOAD ./Drivers/STM32F1xx_HAL_Driver/Src/stm32f1xx_hal_flash_ex.o
LOAD ./Drivers/STM32F1xx_HAL_Driver/Src/stm32f1xx_hal_gpio.o
LOAD ./Drivers/STM32F1xx_HAL_Driver/Src/stm32f1xx_hal_gpio_ex.o
LOAD ./Drivers/STM32F1xx_HAL_Driver/Src/stm32f1xx_hal_pwr.o
LOAD ./Drivers/STM32F1xx_HAL_Driver/Src/stm32f1xx_hal_rcc.o
LOAD ./Drivers/STM32F1xx_HAL_Driver/Src/stm32f1xx_hal_rcc_ex.o
LOAD ./Drivers/STM32F1xx_HAL_Driver/Src/stm32f1xx_hal_tim.o
LOAD ./Drivers/STM32F1xx_HAL_Driver/Src/stm32f1xx_hal_tim_ex.o
START GROUP
LOAD c:/st/stm32cubeide_1.7.0/stm32cubeide/plugins/com.st.stm32cube.ide.mcu.externaltools.gnu-tools-for-stm32.9-2020-q2-update.win32_2.0.0.202105311346/tools/bin/../lib/gcc/arm-none-eabi/9.3.1/../../../../arm-none-eabi/lib/thumb/v7-m/nofp\libc_nano.a
LOAD c:/st/stm32cubeide_1.7.0/stm32cubeide/plugins/com.st.stm32cube.ide.mcu.externaltools.gnu-tools-for-stm32.9-2020-q2-update.win32_2.0.0.202105311346/tools/bin/../lib/gcc/arm-none-eabi/9.3.1/../../../../arm-none-eabi/lib/thumb/v7-m/nofp\libm.a
END GROUP
START GROUP
LOAD c:/st/stm32cubeide_1.7.0/stm32cubeide/plugins/com.st.stm32cube.ide.mcu.externaltools.gnu-tools-for-stm32.9-2020-q2-update.win32_2.0.0.202105311346/tools/bin/../lib/gcc/arm-none-eabi/9.3.1/thumb/v7-m/nofp\libgcc.a
LOAD c:/st/stm32cubeide_1.7.0/stm32cubeide/plugins/com.st.stm32cube.ide.mcu.externaltools.gnu-tools-for-stm32.9-2020-q2-update.win32_2.0.0.202105311346/tools/bin/../lib/gcc/arm-none-eabi/9.3.1/../../../../arm-none-eabi/lib/thumb/v7-m/nofp\libc_nano.a
END GROUP
START GROUP
LOAD c:/st/stm32cubeide_1.7.0/stm32cubeide/plugins/com.st.stm32cube.ide.mcu.externaltools.gnu-tools-for-stm32.9-2020-q2-update.win32_2.0.0.202105311346/tools/bin/../lib/gcc/arm-none-eabi/9.3.1/thumb/v7-m/nofp\libgcc.a
LOAD c:/st/stm32cubeide_1.7.0/stm32cubeide/plugins/com.st.stm32cube.ide.mcu.externaltools.gnu-tools-for-stm32.9-2020-q2-update.win32_2.0.0.202105311346/tools/bin/../lib/gcc/arm-none-eabi/9.3.1/../../../../arm-none-eabi/lib/thumb/v7-m/nofp\libc_nano.a
LOAD c:/st/stm32cubeide_1.7.0/stm32cubeide/plugins/com.st.stm32cube.ide.mcu.externaltools.gnu-tools-for-stm32.9-2020-q2-update.win32_2.0.0.202105311346/tools/bin/../lib/gcc/arm-none-eabi/9.3.1/../../../../arm-none-eabi/lib/thumb/v7-m/nofp\libnosys.a
END GROUP
START GROUP
LOAD c:/st/stm32cubeide_1.7.0/stm32cubeide/plugins/com.st.stm32cube.ide.mcu.externaltools.gnu-tools-for-stm32.9-2020-q2-update.win32_2.0.0.202105311346/tools/bin/../lib/gcc/arm-none-eabi/9.3.1/thumb/v7-m/nofp\libgcc.a
LOAD c:/st/stm32cubeide_1.7.0/stm32cubeide/plugins/com.st.stm32cube.ide.mcu.externaltools.gnu-tools-for-stm32.9-2020-q2-update.win32_2.0.0.202105311346/tools/bin/../lib/gcc/arm-none-eabi/9.3.1/../../../../arm-none-eabi/lib/thumb/v7-m/nofp\libc_nano.a
LOAD c:/st/stm32cubeide_1.7.0/stm32cubeide/plugins/com.st.stm32cube.ide.mcu.externaltools.gnu-tools-for-stm32.9-2020-q2-update.win32_2.0.0.202105311346/tools/bin/../lib/gcc/arm-none-eabi/9.3.1/../../../../arm-none-eabi/lib/thumb/v7-m/nofp\libnosys.a
END GROUP
LOAD c:/st/stm32cubeide_1.7.0/stm32cubeide/plugins/com.st.stm32cube.ide.mcu.externaltools.gnu-tools-for-stm32.9-2020-q2-update.win32_2.0.0.202105311346/tools/bin/../lib/gcc/arm-none-eabi/9.3.1/thumb/v7-m/nofp/crtend.o
LOAD c:/st/stm32cubeide_1.7.0/stm32cubeide/plugins/com.st.stm32cube.ide.mcu.externaltools.gnu-tools-for-stm32.9-2020-q2-update.win32_2.0.0.202105311346/tools/bin/../lib/gcc/arm-none-eabi/9.3.1/thumb/v7-m/nofp/crtn.o
                0x0000000020002800                _estack = (ORIGIN (RAM) + LENGTH (RAM))
                0x0000000000000200                _Min_Heap_Size = 0x200
                0x0000000000000400                _Min_Stack_Size = 0x400

.isr_vector     0x0000000008000000      0x10c
                0x0000000008000000                . = ALIGN (0x4)
 *(.isr_vector)
 .isr_vector    0x0000000008000000      0x10c ./Core/Startup/startup_stm32f103c6ux.o
                0x0000000008000000                g_pfnVectors
                0x000000000800010c                . = ALIGN (0x4)

.text           0x000000000800010c     0x2d58
                0x000000000800010c                . = ALIGN (0x4)
 *(.text)
 .text          0x000000000800010c       0x40 c:/st/stm32cubeide_1.7.0/stm32cubeide/plugins/com.st.stm32cube.ide.mcu.externaltools.gnu-tools-for-stm32.9-2020-q2-update.win32_2.0.0.202105311346/tools/bin/../lib/gcc/arm-none-eabi/9.3.1/thumb/v7-m/nofp/crtbegin.o
 *(.text*)
 .text.buttonRun
                0x000000000800014c      0x118 ./Core/Src/button_reading.o
                0x000000000800014c                buttonRun
 .text.isButtonPressed
                0x0000000008000264       0x3c ./Core/Src/button_reading.o
                0x0000000008000264                isButtonPressed
 .text.isButtonHolding
                0x00000000080002a0       0x28 ./Core/Src/button_reading.o
                0x00000000080002a0                isButtonHolding
 .text.setCounter
                0x00000000080002c8       0x40 ./Core/Src/counter.o
                0x00000000080002c8                setCounter
 .text.counterRun
                0x0000000008000308       0x5c ./Core/Src/counter.o
                0x0000000008000308                counterRun
 .text.increaseDuration
                0x0000000008000364       0xd8 ./Core/Src/counter.o
                0x0000000008000364                increaseDuration
 .text.run7SEG  0x000000000800043c       0x40 ./Core/Src/display7SEG.o
                0x000000000800043c                run7SEG
 .text.updateBuffer7SEG
                0x000000000800047c       0x78 ./Core/Src/display7SEG.o
                0x000000000800047c                updateBuffer7SEG
 .text.update7SEG
                0x00000000080004f4      0x134 ./Core/Src/display7SEG.o
                0x00000000080004f4                update7SEG
 .text.display7SEG
                0x0000000008000628      0x364 ./Core/Src/display7SEG.o
                0x0000000008000628                display7SEG
 .text.main     0x000000000800098c       0x74 ./Core/Src/main.o
                0x000000000800098c                main
 .text.SystemClock_Config
                0x0000000008000a00       0x76 ./Core/Src/main.o
                0x0000000008000a00                SystemClock_Config
 *fill*         0x0000000008000a76        0x2 
 .text.MX_TIM2_Init
                0x0000000008000a78       0xa8 ./Core/Src/main.o
 .text.MX_GPIO_Init
                0x0000000008000b20       0xc4 ./Core/Src/main.o
 .text.HAL_TIM_PeriodElapsedCallback
                0x0000000008000be4       0x18 ./Core/Src/main.o
                0x0000000008000be4                HAL_TIM_PeriodElapsedCallback
 .text.Error_Handler
                0x0000000008000bfc        0xa ./Core/Src/main.o
                0x0000000008000bfc                Error_Handler
 *fill*         0x0000000008000c06        0x2 
 .text.isFlagTimer
                0x0000000008000c08       0x20 ./Core/Src/software_timer.o
                0x0000000008000c08                isFlagTimer
 .text.setTimer
                0x0000000008000c28       0x30 ./Core/Src/software_timer.o
                0x0000000008000c28                setTimer
 .text.timerInit
                0x0000000008000c58       0x3c ./Core/Src/software_timer.o
                0x0000000008000c58                timerInit
 .text.timerRun
                0x0000000008000c94       0x68 ./Core/Src/software_timer.o
                0x0000000008000c94                timerRun
 .text.HAL_MspInit
                0x0000000008000cfc       0x64 ./Core/Src/stm32f1xx_hal_msp.o
                0x0000000008000cfc                HAL_MspInit
 .text.HAL_TIM_Base_MspInit
                0x0000000008000d60       0x48 ./Core/Src/stm32f1xx_hal_msp.o
                0x0000000008000d60                HAL_TIM_Base_MspInit
 .text.NMI_Handler
                0x0000000008000da8        0x6 ./Core/Src/stm32f1xx_it.o
                0x0000000008000da8                NMI_Handler
 .text.HardFault_Handler
                0x0000000008000dae        0x6 ./Core/Src/stm32f1xx_it.o
                0x0000000008000dae                HardFault_Handler
 .text.MemManage_Handler
                0x0000000008000db4        0x6 ./Core/Src/stm32f1xx_it.o
                0x0000000008000db4                MemManage_Handler
 .text.BusFault_Handler
                0x0000000008000dba        0x6 ./Core/Src/stm32f1xx_it.o
                0x0000000008000dba                BusFault_Handler
 .text.UsageFault_Handler
                0x0000000008000dc0        0x6 ./Core/Src/stm32f1xx_it.o
                0x0000000008000dc0                UsageFault_Handler
 .text.SVC_Handler
                0x0000000008000dc6        0xc ./Core/Src/stm32f1xx_it.o
                0x0000000008000dc6                SVC_Handler
 .text.DebugMon_Handler
                0x0000000008000dd2        0xc ./Core/Src/stm32f1xx_it.o
                0x0000000008000dd2                DebugMon_Handler
 .text.PendSV_Handler
                0x0000000008000dde        0xc ./Core/Src/stm32f1xx_it.o
                0x0000000008000dde                PendSV_Handler
 .text.SysTick_Handler
                0x0000000008000dea        0xc ./Core/Src/stm32f1xx_it.o
                0x0000000008000dea                SysTick_Handler
 *fill*         0x0000000008000df6        0x2 
 .text.TIM2_IRQHandler
                0x0000000008000df8       0x14 ./Core/Src/stm32f1xx_it.o
                0x0000000008000df8                TIM2_IRQHandler
 .text.SystemInit
                0x0000000008000e0c        0xc ./Core/Src/system_stm32f1xx.o
                0x0000000008000e0c                SystemInit
 .text.traffic_light_fsm_auto
                0x0000000008000e18      0x20c ./Core/Src/traffic_light_fsm_auto.o
                0x0000000008000e18                traffic_light_fsm_auto
 .text.traffic_light_fsm_man
                0x0000000008001024      0x1c4 ./Core/Src/traffic_light_fsm_man.o
                0x0000000008001024                traffic_light_fsm_man
 .text.traffic_light_fsm_sel
                0x00000000080011e8      0x3f8 ./Core/Src/traffic_light_fsm_sel.o
                0x00000000080011e8                traffic_light_fsm_sel
 .text.traffic_light_fsm_set
                0x00000000080015e0      0x1e0 ./Core/Src/traffic_light_fsm_set.o
                0x00000000080015e0                traffic_light_fsm_set
 .text.Reset_Handler
                0x00000000080017c0       0x48 ./Core/Startup/startup_stm32f103c6ux.o
                0x00000000080017c0                Reset_Handler
 .text.Default_Handler
                0x0000000008001808        0x2 ./Core/Startup/startup_stm32f103c6ux.o
                0x0000000008001808                RTC_Alarm_IRQHandler
                0x0000000008001808                EXTI2_IRQHandler
                0x0000000008001808                TIM1_CC_IRQHandler
                0x0000000008001808                PVD_IRQHandler
                0x0000000008001808                EXTI3_IRQHandler
                0x0000000008001808                EXTI0_IRQHandler
                0x0000000008001808                ADC1_2_IRQHandler
                0x0000000008001808                SPI1_IRQHandler
                0x0000000008001808                TAMPER_IRQHandler
                0x0000000008001808                DMA1_Channel4_IRQHandler
                0x0000000008001808                RTC_IRQHandler
                0x0000000008001808                DMA1_Channel7_IRQHandler
                0x0000000008001808                CAN1_RX1_IRQHandler
                0x0000000008001808                I2C1_EV_IRQHandler
                0x0000000008001808                DMA1_Channel6_IRQHandler
                0x0000000008001808                TIM3_IRQHandler
                0x0000000008001808                RCC_IRQHandler
                0x0000000008001808                TIM1_TRG_COM_IRQHandler
                0x0000000008001808                DMA1_Channel1_IRQHandler
                0x0000000008001808                Default_Handler
                0x0000000008001808                EXTI15_10_IRQHandler
                0x0000000008001808                EXTI9_5_IRQHandler
                0x0000000008001808                DMA1_Channel5_IRQHandler
                0x0000000008001808                EXTI4_IRQHandler
                0x0000000008001808                USB_LP_CAN1_RX0_IRQHandler
                0x0000000008001808                USB_HP_CAN1_TX_IRQHandler
                0x0000000008001808                DMA1_Channel3_IRQHandler
                0x0000000008001808                TIM1_UP_IRQHandler
                0x0000000008001808                WWDG_IRQHandler
                0x0000000008001808                TIM1_BRK_IRQHandler
                0x0000000008001808                EXTI1_IRQHandler
                0x0000000008001808                USART2_IRQHandler
                0x0000000008001808                DMA1_Channel2_IRQHandler
                0x0000000008001808                CAN1_SCE_IRQHandler
                0x0000000008001808                FLASH_IRQHandler
                0x0000000008001808                USART1_IRQHandler
                0x0000000008001808                I2C1_ER_IRQHandler
                0x0000000008001808                USBWakeUp_IRQHandler
 *fill*         0x000000000800180a        0x2 
 .text.HAL_Init
                0x000000000800180c       0x2c ./Drivers/STM32F1xx_HAL_Driver/Src/stm32f1xx_hal.o
                0x000000000800180c                HAL_Init
 .text.HAL_InitTick
                0x0000000008001838       0x60 ./Drivers/STM32F1xx_HAL_Driver/Src/stm32f1xx_hal.o
                0x0000000008001838                HAL_InitTick
 .text.HAL_IncTick
                0x0000000008001898       0x24 ./Drivers/STM32F1xx_HAL_Driver/Src/stm32f1xx_hal.o
                0x0000000008001898                HAL_IncTick
 .text.HAL_GetTick
                0x00000000080018bc       0x14 ./Drivers/STM32F1xx_HAL_Driver/Src/stm32f1xx_hal.o
                0x00000000080018bc                HAL_GetTick
 .text.__NVIC_SetPriorityGrouping
                0x00000000080018d0       0x48 ./Drivers/STM32F1xx_HAL_Driver/Src/stm32f1xx_hal_cortex.o
 .text.__NVIC_GetPriorityGrouping
                0x0000000008001918       0x1c ./Drivers/STM32F1xx_HAL_Driver/Src/stm32f1xx_hal_cortex.o
 .text.__NVIC_EnableIRQ
                0x0000000008001934       0x38 ./Drivers/STM32F1xx_HAL_Driver/Src/stm32f1xx_hal_cortex.o
 .text.__NVIC_SetPriority
                0x000000000800196c       0x54 ./Drivers/STM32F1xx_HAL_Driver/Src/stm32f1xx_hal_cortex.o
 .text.NVIC_EncodePriority
                0x00000000080019c0       0x64 ./Drivers/STM32F1xx_HAL_Driver/Src/stm32f1xx_hal_cortex.o
 .text.SysTick_Config
                0x0000000008001a24       0x44 ./Drivers/STM32F1xx_HAL_Driver/Src/stm32f1xx_hal_cortex.o
 .text.HAL_NVIC_SetPriorityGrouping
                0x0000000008001a68       0x16 ./Drivers/STM32F1xx_HAL_Driver/Src/stm32f1xx_hal_cortex.o
                0x0000000008001a68                HAL_NVIC_SetPriorityGrouping
 .text.HAL_NVIC_SetPriority
                0x0000000008001a7e       0x38 ./Drivers/STM32F1xx_HAL_Driver/Src/stm32f1xx_hal_cortex.o
                0x0000000008001a7e                HAL_NVIC_SetPriority
 .text.HAL_NVIC_EnableIRQ
                0x0000000008001ab6       0x1c ./Drivers/STM32F1xx_HAL_Driver/Src/stm32f1xx_hal_cortex.o
                0x0000000008001ab6                HAL_NVIC_EnableIRQ
 .text.HAL_SYSTICK_Config
                0x0000000008001ad2       0x18 ./Drivers/STM32F1xx_HAL_Driver/Src/stm32f1xx_hal_cortex.o
                0x0000000008001ad2                HAL_SYSTICK_Config
 *fill*         0x0000000008001aea        0x2 
 .text.HAL_GPIO_Init
                0x0000000008001aec      0x2f4 ./Drivers/STM32F1xx_HAL_Driver/Src/stm32f1xx_hal_gpio.o
                0x0000000008001aec                HAL_GPIO_Init
 .text.HAL_GPIO_ReadPin
                0x0000000008001de0       0x2e ./Drivers/STM32F1xx_HAL_Driver/Src/stm32f1xx_hal_gpio.o
                0x0000000008001de0                HAL_GPIO_ReadPin
 .text.HAL_GPIO_WritePin
                0x0000000008001e0e       0x30 ./Drivers/STM32F1xx_HAL_Driver/Src/stm32f1xx_hal_gpio.o
                0x0000000008001e0e                HAL_GPIO_WritePin
 .text.HAL_GPIO_TogglePin
                0x0000000008001e3e       0x32 ./Drivers/STM32F1xx_HAL_Driver/Src/stm32f1xx_hal_gpio.o
                0x0000000008001e3e                HAL_GPIO_TogglePin
 .text.HAL_RCC_OscConfig
                0x0000000008001e70      0x500 ./Drivers/STM32F1xx_HAL_Driver/Src/stm32f1xx_hal_rcc.o
                0x0000000008001e70                HAL_RCC_OscConfig
 .text.HAL_RCC_ClockConfig
                0x0000000008002370      0x1d4 ./Drivers/STM32F1xx_HAL_Driver/Src/stm32f1xx_hal_rcc.o
                0x0000000008002370                HAL_RCC_ClockConfig
 .text.HAL_RCC_GetSysClockFreq
                0x0000000008002544       0xa8 ./Drivers/STM32F1xx_HAL_Driver/Src/stm32f1xx_hal_rcc.o
                0x0000000008002544                HAL_RCC_GetSysClockFreq
 .text.HAL_RCC_GetHCLKFreq
                0x00000000080025ec       0x14 ./Drivers/STM32F1xx_HAL_Driver/Src/stm32f1xx_hal_rcc.o
                0x00000000080025ec                HAL_RCC_GetHCLKFreq
 .text.RCC_Delay
                0x0000000008002600       0x3c ./Drivers/STM32F1xx_HAL_Driver/Src/stm32f1xx_hal_rcc.o
 .text.HAL_TIM_Base_Init
                0x000000000800263c       0x9e ./Drivers/STM32F1xx_HAL_Driver/Src/stm32f1xx_hal_tim.o
                0x000000000800263c                HAL_TIM_Base_Init
 *fill*         0x00000000080026da        0x2 
 .text.HAL_TIM_Base_Start_IT
                0x00000000080026dc       0x98 ./Drivers/STM32F1xx_HAL_Driver/Src/stm32f1xx_hal_tim.o
                0x00000000080026dc                HAL_TIM_Base_Start_IT
 .text.HAL_TIM_IRQHandler
                0x0000000008002774      0x1e0 ./Drivers/STM32F1xx_HAL_Driver/Src/stm32f1xx_hal_tim.o
                0x0000000008002774                HAL_TIM_IRQHandler
 .text.HAL_TIM_ConfigClockSource
                0x0000000008002954      0x18e ./Drivers/STM32F1xx_HAL_Driver/Src/stm32f1xx_hal_tim.o
                0x0000000008002954                HAL_TIM_ConfigClockSource
 .text.HAL_TIM_OC_DelayElapsedCallback
                0x0000000008002ae2       0x12 ./Drivers/STM32F1xx_HAL_Driver/Src/stm32f1xx_hal_tim.o
                0x0000000008002ae2                HAL_TIM_OC_DelayElapsedCallback
 .text.HAL_TIM_IC_CaptureCallback
                0x0000000008002af4       0x12 ./Drivers/STM32F1xx_HAL_Driver/Src/stm32f1xx_hal_tim.o
                0x0000000008002af4                HAL_TIM_IC_CaptureCallback
 .text.HAL_TIM_PWM_PulseFinishedCallback
                0x0000000008002b06       0x12 ./Drivers/STM32F1xx_HAL_Driver/Src/stm32f1xx_hal_tim.o
                0x0000000008002b06                HAL_TIM_PWM_PulseFinishedCallback
 .text.HAL_TIM_TriggerCallback
                0x0000000008002b18       0x12 ./Drivers/STM32F1xx_HAL_Driver/Src/stm32f1xx_hal_tim.o
                0x0000000008002b18                HAL_TIM_TriggerCallback
 *fill*         0x0000000008002b2a        0x2 
 .text.TIM_Base_SetConfig
                0x0000000008002b2c       0xc8 ./Drivers/STM32F1xx_HAL_Driver/Src/stm32f1xx_hal_tim.o
                0x0000000008002b2c                TIM_Base_SetConfig
 .text.TIM_TI1_ConfigInputStage
                0x0000000008002bf4       0x5c ./Drivers/STM32F1xx_HAL_Driver/Src/stm32f1xx_hal_tim.o
 .text.TIM_TI2_ConfigInputStage
                0x0000000008002c50       0x5e ./Drivers/STM32F1xx_HAL_Driver/Src/stm32f1xx_hal_tim.o
 .text.TIM_ITRx_SetConfig
                0x0000000008002cae       0x34 ./Drivers/STM32F1xx_HAL_Driver/Src/stm32f1xx_hal_tim.o
 .text.TIM_ETR_SetConfig
                0x0000000008002ce2       0x3e ./Drivers/STM32F1xx_HAL_Driver/Src/stm32f1xx_hal_tim.o
                0x0000000008002ce2                TIM_ETR_SetConfig
 .text.HAL_TIMEx_MasterConfigSynchronization
                0x0000000008002d20       0xb0 ./Drivers/STM32F1xx_HAL_Driver/Src/stm32f1xx_hal_tim_ex.o
                0x0000000008002d20                HAL_TIMEx_MasterConfigSynchronization
 .text.HAL_TIMEx_CommutCallback
                0x0000000008002dd0       0x12 ./Drivers/STM32F1xx_HAL_Driver/Src/stm32f1xx_hal_tim_ex.o
                0x0000000008002dd0                HAL_TIMEx_CommutCallback
 .text.HAL_TIMEx_BreakCallback
                0x0000000008002de2       0x12 ./Drivers/STM32F1xx_HAL_Driver/Src/stm32f1xx_hal_tim_ex.o
                0x0000000008002de2                HAL_TIMEx_BreakCallback
 .text.__libc_init_array
                0x0000000008002df4       0x48 c:/st/stm32cubeide_1.7.0/stm32cubeide/plugins/com.st.stm32cube.ide.mcu.externaltools.gnu-tools-for-stm32.9-2020-q2-update.win32_2.0.0.202105311346/tools/bin/../lib/gcc/arm-none-eabi/9.3.1/../../../../arm-none-eabi/lib/thumb/v7-m/nofp\libc_nano.a(lib_a-init.o)
                0x0000000008002df4                __libc_init_array
 .text.memset   0x0000000008002e3c       0x10 c:/st/stm32cubeide_1.7.0/stm32cubeide/plugins/com.st.stm32cube.ide.mcu.externaltools.gnu-tools-for-stm32.9-2020-q2-update.win32_2.0.0.202105311346/tools/bin/../lib/gcc/arm-none-eabi/9.3.1/../../../../arm-none-eabi/lib/thumb/v7-m/nofp\libc_nano.a(lib_a-memset.o)
                0x0000000008002e3c                memset
 *(.glue_7)
 .glue_7        0x0000000008002e4c        0x0 linker stubs
 *(.glue_7t)
 .glue_7t       0x0000000008002e4c        0x0 linker stubs
 *(.eh_frame)
 .eh_frame      0x0000000008002e4c        0x0 c:/st/stm32cubeide_1.7.0/stm32cubeide/plugins/com.st.stm32cube.ide.mcu.externaltools.gnu-tools-for-stm32.9-2020-q2-update.win32_2.0.0.202105311346/tools/bin/../lib/gcc/arm-none-eabi/9.3.1/thumb/v7-m/nofp/crtbegin.o
 *(.init)
 .init          0x0000000008002e4c        0x4 c:/st/stm32cubeide_1.7.0/stm32cubeide/plugins/com.st.stm32cube.ide.mcu.externaltools.gnu-tools-for-stm32.9-2020-q2-update.win32_2.0.0.202105311346/tools/bin/../lib/gcc/arm-none-eabi/9.3.1/thumb/v7-m/nofp/crti.o
                0x0000000008002e4c                _init
 .init          0x0000000008002e50        0x8 c:/st/stm32cubeide_1.7.0/stm32cubeide/plugins/com.st.stm32cube.ide.mcu.externaltools.gnu-tools-for-stm32.9-2020-q2-update.win32_2.0.0.202105311346/tools/bin/../lib/gcc/arm-none-eabi/9.3.1/thumb/v7-m/nofp/crtn.o
 *(.fini)
 .fini          0x0000000008002e58        0x4 c:/st/stm32cubeide_1.7.0/stm32cubeide/plugins/com.st.stm32cube.ide.mcu.externaltools.gnu-tools-for-stm32.9-2020-q2-update.win32_2.0.0.202105311346/tools/bin/../lib/gcc/arm-none-eabi/9.3.1/thumb/v7-m/nofp/crti.o
                0x0000000008002e58                _fini
 .fini          0x0000000008002e5c        0x8 c:/st/stm32cubeide_1.7.0/stm32cubeide/plugins/com.st.stm32cube.ide.mcu.externaltools.gnu-tools-for-stm32.9-2020-q2-update.win32_2.0.0.202105311346/tools/bin/../lib/gcc/arm-none-eabi/9.3.1/thumb/v7-m/nofp/crtn.o
                0x0000000008002e64                . = ALIGN (0x4)
                0x0000000008002e64                _etext = .

.vfp11_veneer   0x0000000008002e64        0x0
 .vfp11_veneer  0x0000000008002e64        0x0 linker stubs

.v4_bx          0x0000000008002e64        0x0
 .v4_bx         0x0000000008002e64        0x0 linker stubs

.iplt           0x0000000008002e64        0x0
 .iplt          0x0000000008002e64        0x0 c:/st/stm32cubeide_1.7.0/stm32cubeide/plugins/com.st.stm32cube.ide.mcu.externaltools.gnu-tools-for-stm32.9-2020-q2-update.win32_2.0.0.202105311346/tools/bin/../lib/gcc/arm-none-eabi/9.3.1/thumb/v7-m/nofp/crtbegin.o

.rodata         0x0000000008002e64       0x24
                0x0000000008002e64                . = ALIGN (0x4)
 *(.rodata)
 *(.rodata*)
 .rodata.AHBPrescTable
                0x0000000008002e64       0x10 ./Core/Src/system_stm32f1xx.o
                0x0000000008002e64                AHBPrescTable
 .rodata.aPLLMULFactorTable.6032
                0x0000000008002e74       0x10 ./Drivers/STM32F1xx_HAL_Driver/Src/stm32f1xx_hal_rcc.o
 .rodata.aPredivFactorTable.6033
                0x0000000008002e84        0x2 ./Drivers/STM32F1xx_HAL_Driver/Src/stm32f1xx_hal_rcc.o
                0x0000000008002e88                . = ALIGN (0x4)
 *fill*         0x0000000008002e86        0x2 

.rel.dyn        0x0000000008002e88        0x0
 .rel.iplt      0x0000000008002e88        0x0 c:/st/stm32cubeide_1.7.0/stm32cubeide/plugins/com.st.stm32cube.ide.mcu.externaltools.gnu-tools-for-stm32.9-2020-q2-update.win32_2.0.0.202105311346/tools/bin/../lib/gcc/arm-none-eabi/9.3.1/thumb/v7-m/nofp/crtbegin.o

.ARM.extab      0x0000000008002e88        0x0
                0x0000000008002e88                . = ALIGN (0x4)
 *(.ARM.extab* .gnu.linkonce.armextab.*)
                0x0000000008002e88                . = ALIGN (0x4)

.ARM            0x0000000008002e88        0x0
                0x0000000008002e88                . = ALIGN (0x4)
                0x0000000008002e88                __exidx_start = .
 *(.ARM.exidx*)
                0x0000000008002e88                __exidx_end = .
                0x0000000008002e88                . = ALIGN (0x4)

.preinit_array  0x0000000008002e88        0x0
                0x0000000008002e88                . = ALIGN (0x4)
                0x0000000008002e88                PROVIDE (__preinit_array_start = .)
 *(.preinit_array*)
                0x0000000008002e88                PROVIDE (__preinit_array_end = .)
                0x0000000008002e88                . = ALIGN (0x4)

.init_array     0x0000000008002e88        0x4
                0x0000000008002e88                . = ALIGN (0x4)
                0x0000000008002e88                PROVIDE (__init_array_start = .)
 *(SORT_BY_NAME(.init_array.*))
 *(.init_array*)
 .init_array    0x0000000008002e88        0x4 c:/st/stm32cubeide_1.7.0/stm32cubeide/plugins/com.st.stm32cube.ide.mcu.externaltools.gnu-tools-for-stm32.9-2020-q2-update.win32_2.0.0.202105311346/tools/bin/../lib/gcc/arm-none-eabi/9.3.1/thumb/v7-m/nofp/crtbegin.o
                0x0000000008002e8c                PROVIDE (__init_array_end = .)
                0x0000000008002e8c                . = ALIGN (0x4)

.fini_array     0x0000000008002e8c        0x4
                0x0000000008002e8c                . = ALIGN (0x4)
                [!provide]                        PROVIDE (__fini_array_start = .)
 *(SORT_BY_NAME(.fini_array.*))
 *(.fini_array*)
 .fini_array    0x0000000008002e8c        0x4 c:/st/stm32cubeide_1.7.0/stm32cubeide/plugins/com.st.stm32cube.ide.mcu.externaltools.gnu-tools-for-stm32.9-2020-q2-update.win32_2.0.0.202105311346/tools/bin/../lib/gcc/arm-none-eabi/9.3.1/thumb/v7-m/nofp/crtbegin.o
                [!provide]                        PROVIDE (__fini_array_end = .)
                0x0000000008002e90                . = ALIGN (0x4)
                0x0000000008002e90                _sidata = LOADADDR (.data)

.data           0x0000000020000000       0x24 load address 0x0000000008002e90
                0x0000000020000000                . = ALIGN (0x4)
                0x0000000020000000                _sdata = .
 *(.data)
 *(.data*)
 .data.button_ports
                0x0000000020000000        0xc ./Core/Src/button_reading.o
 .data.button_pins
                0x000000002000000c        0x6 ./Core/Src/button_reading.o
 *fill*         0x0000000020000012        0x2 
 .data.interrupt_duration
                0x0000000020000014        0x4 ./Core/Src/software_timer.o
 .data.SystemCoreClock
                0x0000000020000018        0x4 ./Core/Src/system_stm32f1xx.o
                0x0000000020000018                SystemCoreClock
 .data.uwTickPrio
                0x000000002000001c        0x4 ./Drivers/STM32F1xx_HAL_Driver/Src/stm32f1xx_hal.o
                0x000000002000001c                uwTickPrio
 .data.uwTickFreq
                0x0000000020000020        0x1 ./Drivers/STM32F1xx_HAL_Driver/Src/stm32f1xx_hal.o
                0x0000000020000020                uwTickFreq
 *(.RamFunc)
 *(.RamFunc*)
                0x0000000020000024                . = ALIGN (0x4)
 *fill*         0x0000000020000021        0x3 
                0x0000000020000024                _edata = .

.igot.plt       0x0000000020000024        0x0 load address 0x0000000008002eb4
 .igot.plt      0x0000000020000024        0x0 c:/st/stm32cubeide_1.7.0/stm32cubeide/plugins/com.st.stm32cube.ide.mcu.externaltools.gnu-tools-for-stm32.9-2020-q2-update.win32_2.0.0.202105311346/tools/bin/../lib/gcc/arm-none-eabi/9.3.1/thumb/v7-m/nofp/crtbegin.o
                0x0000000020000024                . = ALIGN (0x4)

.bss            0x0000000020000024       0xa8 load address 0x0000000008002eb4
                0x0000000020000024                _sbss = .
                0x0000000020000024                __bss_start__ = _sbss
 *(.bss)
 .bss           0x0000000020000024       0x1c c:/st/stm32cubeide_1.7.0/stm32cubeide/plugins/com.st.stm32cube.ide.mcu.externaltools.gnu-tools-for-stm32.9-2020-q2-update.win32_2.0.0.202105311346/tools/bin/../lib/gcc/arm-none-eabi/9.3.1/thumb/v7-m/nofp/crtbegin.o
 *(.bss*)
 .bss.button_buffers0
                0x0000000020000040        0x3 ./Core/Src/button_reading.o
 *fill*         0x0000000020000043        0x1 
 .bss.button_buffers1
                0x0000000020000044        0x3 ./Core/Src/button_reading.o
 *fill*         0x0000000020000047        0x1 
 .bss.button_buffers2
                0x0000000020000048        0x3 ./Core/Src/button_reading.o
 *fill*         0x000000002000004b        0x1 
 .bss.button_buffers3
                0x000000002000004c        0x3 ./Core/Src/button_reading.o
 *fill*         0x000000002000004f        0x1 
 .bss.button_press_flags
                0x0000000020000050        0x3 ./Core/Src/button_reading.o
 *fill*         0x0000000020000053        0x1 
 .bss.button_hold_flags
                0x0000000020000054        0x3 ./Core/Src/button_reading.o
 *fill*         0x0000000020000057        0x1 
 .bss.button_hold_counters
                0x0000000020000058        0x6 ./Core/Src/button_reading.o
 .bss.led7SEG_index
                0x000000002000005e        0x1 ./Core/Src/display7SEG.o
                0x000000002000005e                led7SEG_index
 *fill*         0x000000002000005f        0x1 
 .bss.timer_counters
                0x0000000020000060        0xc ./Core/Src/software_timer.o
 .bss.timer_flags
                0x000000002000006c        0x2 ./Core/Src/software_timer.o
 *(COMMON)
 *fill*         0x000000002000006e        0x2 
 COMMON         0x0000000020000070        0x7 ./Core/Src/counter.o
                0x0000000020000070                green_duration
                0x0000000020000071                amber_duration
                0x0000000020000074                counters
                0x0000000020000076                red_duration
 *fill*         0x0000000020000077        0x1 
 COMMON         0x0000000020000078        0x4 ./Core/Src/display7SEG.o
                0x0000000020000078                led7SEG_buffer
 COMMON         0x000000002000007c        0x1 ./Core/Src/global.o
                0x000000002000007c                status
 *fill*         0x000000002000007d        0x3 
 COMMON         0x0000000020000080       0x48 ./Core/Src/main.o
                0x0000000020000080                htim2
 COMMON         0x00000000200000c8        0x4 ./Drivers/STM32F1xx_HAL_Driver/Src/stm32f1xx_hal.o
                0x00000000200000c8                uwTick
                0x00000000200000cc                . = ALIGN (0x4)
                0x00000000200000cc                _ebss = .
                0x00000000200000cc                __bss_end__ = _ebss

._user_heap_stack
                0x00000000200000cc      0x604 load address 0x0000000008002eb4
                0x00000000200000d0                . = ALIGN (0x8)
 *fill*         0x00000000200000cc        0x4 
                [!provide]                        PROVIDE (end = .)
                0x00000000200000d0                PROVIDE (_end = .)
                0x00000000200002d0                . = (. + _Min_Heap_Size)
 *fill*         0x00000000200000d0      0x200 
                0x00000000200006d0                . = (. + _Min_Stack_Size)
 *fill*         0x00000000200002d0      0x400 
                0x00000000200006d0                . = ALIGN (0x8)

/DISCARD/
 libc.a(*)
 libm.a(*)
 libgcc.a(*)

.ARM.attributes
                0x0000000000000000       0x29
 *(.ARM.attributes)
 .ARM.attributes
                0x0000000000000000       0x1d c:/st/stm32cubeide_1.7.0/stm32cubeide/plugins/com.st.stm32cube.ide.mcu.externaltools.gnu-tools-for-stm32.9-2020-q2-update.win32_2.0.0.202105311346/tools/bin/../lib/gcc/arm-none-eabi/9.3.1/thumb/v7-m/nofp/crti.o
 .ARM.attributes
                0x000000000000001d       0x2d c:/st/stm32cubeide_1.7.0/stm32cubeide/plugins/com.st.stm32cube.ide.mcu.externaltools.gnu-tools-for-stm32.9-2020-q2-update.win32_2.0.0.202105311346/tools/bin/../lib/gcc/arm-none-eabi/9.3.1/thumb/v7-m/nofp/crtbegin.o
 .ARM.attributes
                0x000000000000004a       0x2d ./Core/Src/button_reading.o
 .ARM.attributes
                0x0000000000000077       0x2d ./Core/Src/counter.o
 .ARM.attributes
                0x00000000000000a4       0x2d ./Core/Src/display7SEG.o
 .ARM.attributes
                0x00000000000000d1       0x33 ./Core/Src/global.o
 .ARM.attributes
                0x0000000000000104       0x2d ./Core/Src/main.o
 .ARM.attributes
                0x0000000000000131       0x2d ./Core/Src/software_timer.o
 .ARM.attributes
                0x000000000000015e       0x2d ./Core/Src/stm32f1xx_hal_msp.o
 .ARM.attributes
                0x000000000000018b       0x2d ./Core/Src/stm32f1xx_it.o
 .ARM.attributes
                0x00000000000001b8       0x2d ./Core/Src/system_stm32f1xx.o
 .ARM.attributes
                0x00000000000001e5       0x2d ./Core/Src/traffic_light_fsm_auto.o
 .ARM.attributes
                0x0000000000000212       0x2d ./Core/Src/traffic_light_fsm_man.o
 .ARM.attributes
                0x000000000000023f       0x2d ./Core/Src/traffic_light_fsm_sel.o
 .ARM.attributes
                0x000000000000026c       0x2d ./Core/Src/traffic_light_fsm_set.o
 .ARM.attributes
                0x0000000000000299       0x21 ./Core/Startup/startup_stm32f103c6ux.o
 .ARM.attributes
                0x00000000000002ba       0x2d ./Drivers/STM32F1xx_HAL_Driver/Src/stm32f1xx_hal.o
 .ARM.attributes
                0x00000000000002e7       0x2d ./Drivers/STM32F1xx_HAL_Driver/Src/stm32f1xx_hal_cortex.o
 .ARM.attributes
                0x0000000000000314       0x2d ./Drivers/STM32F1xx_HAL_Driver/Src/stm32f1xx_hal_gpio.o
 .ARM.attributes
                0x0000000000000341       0x2d ./Drivers/STM32F1xx_HAL_Driver/Src/stm32f1xx_hal_rcc.o
 .ARM.attributes
                0x000000000000036e       0x2d ./Drivers/STM32F1xx_HAL_Driver/Src/stm32f1xx_hal_tim.o
 .ARM.attributes
                0x000000000000039b       0x2d ./Drivers/STM32F1xx_HAL_Driver/Src/stm32f1xx_hal_tim_ex.o
 .ARM.attributes
                0x00000000000003c8       0x2d c:/st/stm32cubeide_1.7.0/stm32cubeide/plugins/com.st.stm32cube.ide.mcu.externaltools.gnu-tools-for-stm32.9-2020-q2-update.win32_2.0.0.202105311346/tools/bin/../lib/gcc/arm-none-eabi/9.3.1/../../../../arm-none-eabi/lib/thumb/v7-m/nofp\libc_nano.a(lib_a-init.o)
 .ARM.attributes
                0x00000000000003f5       0x2d c:/st/stm32cubeide_1.7.0/stm32cubeide/plugins/com.st.stm32cube.ide.mcu.externaltools.gnu-tools-for-stm32.9-2020-q2-update.win32_2.0.0.202105311346/tools/bin/../lib/gcc/arm-none-eabi/9.3.1/../../../../arm-none-eabi/lib/thumb/v7-m/nofp\libc_nano.a(lib_a-memset.o)
 .ARM.attributes
                0x0000000000000422       0x1d c:/st/stm32cubeide_1.7.0/stm32cubeide/plugins/com.st.stm32cube.ide.mcu.externaltools.gnu-tools-for-stm32.9-2020-q2-update.win32_2.0.0.202105311346/tools/bin/../lib/gcc/arm-none-eabi/9.3.1/thumb/v7-m/nofp/crtn.o
OUTPUT(project-lab3.elf elf32-littlearm)
LOAD linker stubs
LOAD c:/st/stm32cubeide_1.7.0/stm32cubeide/plugins/com.st.stm32cube.ide.mcu.externaltools.gnu-tools-for-stm32.9-2020-q2-update.win32_2.0.0.202105311346/tools/bin/../lib/gcc/arm-none-eabi/9.3.1/../../../../arm-none-eabi/lib/thumb/v7-m/nofp\libc.a
LOAD c:/st/stm32cubeide_1.7.0/stm32cubeide/plugins/com.st.stm32cube.ide.mcu.externaltools.gnu-tools-for-stm32.9-2020-q2-update.win32_2.0.0.202105311346/tools/bin/../lib/gcc/arm-none-eabi/9.3.1/../../../../arm-none-eabi/lib/thumb/v7-m/nofp\libm.a
LOAD c:/st/stm32cubeide_1.7.0/stm32cubeide/plugins/com.st.stm32cube.ide.mcu.externaltools.gnu-tools-for-stm32.9-2020-q2-update.win32_2.0.0.202105311346/tools/bin/../lib/gcc/arm-none-eabi/9.3.1/thumb/v7-m/nofp\libgcc.a

.debug_info     0x0000000000000000     0x9c68
 .debug_info    0x0000000000000000      0x39f ./Core/Src/button_reading.o
 .debug_info    0x000000000000039f      0x261 ./Core/Src/counter.o
 .debug_info    0x0000000000000600      0x2f4 ./Core/Src/display7SEG.o
 .debug_info    0x00000000000008f4      0x1d2 ./Core/Src/global.o
 .debug_info    0x0000000000000ac6      0xbe2 ./Core/Src/main.o
 .debug_info    0x00000000000016a8      0x2a3 ./Core/Src/software_timer.o
 .debug_info    0x000000000000194b      0xa09 ./Core/Src/stm32f1xx_hal_msp.o
 .debug_info    0x0000000000002354      0x7b9 ./Core/Src/stm32f1xx_it.o
 .debug_info    0x0000000000002b0d      0x2be ./Core/Src/system_stm32f1xx.o
 .debug_info    0x0000000000002dcb      0x28b ./Core/Src/traffic_light_fsm_auto.o
 .debug_info    0x0000000000003056      0x28b ./Core/Src/traffic_light_fsm_man.o
 .debug_info    0x00000000000032e1      0x28b ./Core/Src/traffic_light_fsm_sel.o
 .debug_info    0x000000000000356c      0x28b ./Core/Src/traffic_light_fsm_set.o
 .debug_info    0x00000000000037f7       0x22 ./Core/Startup/startup_stm32f103c6ux.o
 .debug_info    0x0000000000003819      0x74c ./Drivers/STM32F1xx_HAL_Driver/Src/stm32f1xx_hal.o
 .debug_info    0x0000000000003f65      0xbbe ./Drivers/STM32F1xx_HAL_Driver/Src/stm32f1xx_hal_cortex.o
 .debug_info    0x0000000000004b23      0x701 ./Drivers/STM32F1xx_HAL_Driver/Src/stm32f1xx_hal_gpio.o
 .debug_info    0x0000000000005224      0x893 ./Drivers/STM32F1xx_HAL_Driver/Src/stm32f1xx_hal_rcc.o
 .debug_info    0x0000000000005ab7     0x2c32 ./Drivers/STM32F1xx_HAL_Driver/Src/stm32f1xx_hal_tim.o
 .debug_info    0x00000000000086e9     0x157f ./Drivers/STM32F1xx_HAL_Driver/Src/stm32f1xx_hal_tim_ex.o

.debug_abbrev   0x0000000000000000     0x1eb2
 .debug_abbrev  0x0000000000000000      0x159 ./Core/Src/button_reading.o
 .debug_abbrev  0x0000000000000159      0x10c ./Core/Src/counter.o
 .debug_abbrev  0x0000000000000265      0x16c ./Core/Src/display7SEG.o
 .debug_abbrev  0x00000000000003d1       0xa9 ./Core/Src/global.o
 .debug_abbrev  0x000000000000047a      0x248 ./Core/Src/main.o
 .debug_abbrev  0x00000000000006c2      0x148 ./Core/Src/software_timer.o
 .debug_abbrev  0x000000000000080a      0x1b7 ./Core/Src/stm32f1xx_hal_msp.o
 .debug_abbrev  0x00000000000009c1      0x176 ./Core/Src/stm32f1xx_it.o
 .debug_abbrev  0x0000000000000b37      0x14e ./Core/Src/system_stm32f1xx.o
 .debug_abbrev  0x0000000000000c85       0xff ./Core/Src/traffic_light_fsm_auto.o
 .debug_abbrev  0x0000000000000d84       0xff ./Core/Src/traffic_light_fsm_man.o
 .debug_abbrev  0x0000000000000e83       0xff ./Core/Src/traffic_light_fsm_sel.o
 .debug_abbrev  0x0000000000000f82       0xff ./Core/Src/traffic_light_fsm_set.o
 .debug_abbrev  0x0000000000001081       0x12 ./Core/Startup/startup_stm32f103c6ux.o
 .debug_abbrev  0x0000000000001093      0x1ed ./Drivers/STM32F1xx_HAL_Driver/Src/stm32f1xx_hal.o
 .debug_abbrev  0x0000000000001280      0x313 ./Drivers/STM32F1xx_HAL_Driver/Src/stm32f1xx_hal_cortex.o
 .debug_abbrev  0x0000000000001593      0x1e8 ./Drivers/STM32F1xx_HAL_Driver/Src/stm32f1xx_hal_gpio.o
 .debug_abbrev  0x000000000000177b      0x273 ./Drivers/STM32F1xx_HAL_Driver/Src/stm32f1xx_hal_rcc.o
 .debug_abbrev  0x00000000000019ee      0x25e ./Drivers/STM32F1xx_HAL_Driver/Src/stm32f1xx_hal_tim.o
 .debug_abbrev  0x0000000000001c4c      0x266 ./Drivers/STM32F1xx_HAL_Driver/Src/stm32f1xx_hal_tim_ex.o

.debug_aranges  0x0000000000000000      0xa98
 .debug_aranges
                0x0000000000000000       0x30 ./Core/Src/button_reading.o
 .debug_aranges
                0x0000000000000030       0x30 ./Core/Src/counter.o
 .debug_aranges
                0x0000000000000060       0x38 ./Core/Src/display7SEG.o
 .debug_aranges
                0x0000000000000098       0x18 ./Core/Src/global.o
 .debug_aranges
                0x00000000000000b0       0x48 ./Core/Src/main.o
 .debug_aranges
                0x00000000000000f8       0x38 ./Core/Src/software_timer.o
 .debug_aranges
                0x0000000000000130       0x30 ./Core/Src/stm32f1xx_hal_msp.o
 .debug_aranges
                0x0000000000000160       0x68 ./Core/Src/stm32f1xx_it.o
 .debug_aranges
                0x00000000000001c8       0x28 ./Core/Src/system_stm32f1xx.o
 .debug_aranges
                0x00000000000001f0       0x20 ./Core/Src/traffic_light_fsm_auto.o
 .debug_aranges
                0x0000000000000210       0x20 ./Core/Src/traffic_light_fsm_man.o
 .debug_aranges
                0x0000000000000230       0x20 ./Core/Src/traffic_light_fsm_sel.o
 .debug_aranges
                0x0000000000000250       0x20 ./Core/Src/traffic_light_fsm_set.o
 .debug_aranges
                0x0000000000000270       0x28 ./Core/Startup/startup_stm32f103c6ux.o
 .debug_aranges
                0x0000000000000298       0xe0 ./Drivers/STM32F1xx_HAL_Driver/Src/stm32f1xx_hal.o
 .debug_aranges
                0x0000000000000378      0x100 ./Drivers/STM32F1xx_HAL_Driver/Src/stm32f1xx_hal_cortex.o
 .debug_aranges
                0x0000000000000478       0x58 ./Drivers/STM32F1xx_HAL_Driver/Src/stm32f1xx_hal_gpio.o
 .debug_aranges
                0x00000000000004d0       0x90 ./Drivers/STM32F1xx_HAL_Driver/Src/stm32f1xx_hal_rcc.o
 .debug_aranges
                0x0000000000000560      0x3d0 ./Drivers/STM32F1xx_HAL_Driver/Src/stm32f1xx_hal_tim.o
 .debug_aranges
                0x0000000000000930      0x168 ./Drivers/STM32F1xx_HAL_Driver/Src/stm32f1xx_hal_tim_ex.o

.debug_ranges   0x0000000000000000      0x958
 .debug_ranges  0x0000000000000000       0x20 ./Core/Src/button_reading.o
 .debug_ranges  0x0000000000000020       0x20 ./Core/Src/counter.o
 .debug_ranges  0x0000000000000040       0x28 ./Core/Src/display7SEG.o
 .debug_ranges  0x0000000000000068       0x38 ./Core/Src/main.o
 .debug_ranges  0x00000000000000a0       0x28 ./Core/Src/software_timer.o
 .debug_ranges  0x00000000000000c8       0x20 ./Core/Src/stm32f1xx_hal_msp.o
 .debug_ranges  0x00000000000000e8       0x58 ./Core/Src/stm32f1xx_it.o
 .debug_ranges  0x0000000000000140       0x18 ./Core/Src/system_stm32f1xx.o
 .debug_ranges  0x0000000000000158       0x10 ./Core/Src/traffic_light_fsm_auto.o
 .debug_ranges  0x0000000000000168       0x10 ./Core/Src/traffic_light_fsm_man.o
 .debug_ranges  0x0000000000000178       0x10 ./Core/Src/traffic_light_fsm_sel.o
 .debug_ranges  0x0000000000000188       0x10 ./Core/Src/traffic_light_fsm_set.o
 .debug_ranges  0x0000000000000198       0x20 ./Core/Startup/startup_stm32f103c6ux.o
 .debug_ranges  0x00000000000001b8       0xd0 ./Drivers/STM32F1xx_HAL_Driver/Src/stm32f1xx_hal.o
 .debug_ranges  0x0000000000000288       0xf0 ./Drivers/STM32F1xx_HAL_Driver/Src/stm32f1xx_hal_cortex.o
 .debug_ranges  0x0000000000000378       0x48 ./Drivers/STM32F1xx_HAL_Driver/Src/stm32f1xx_hal_gpio.o
 .debug_ranges  0x00000000000003c0       0x80 ./Drivers/STM32F1xx_HAL_Driver/Src/stm32f1xx_hal_rcc.o
 .debug_ranges  0x0000000000000440      0x3c0 ./Drivers/STM32F1xx_HAL_Driver/Src/stm32f1xx_hal_tim.o
 .debug_ranges  0x0000000000000800      0x158 ./Drivers/STM32F1xx_HAL_Driver/Src/stm32f1xx_hal_tim_ex.o

.debug_macro    0x0000000000000000    0x17476
 .debug_macro   0x0000000000000000      0x1b5 ./Core/Src/button_reading.o
 .debug_macro   0x00000000000001b5      0xa9c ./Core/Src/button_reading.o
 .debug_macro   0x0000000000000c51      0x215 ./Core/Src/button_reading.o
 .debug_macro   0x0000000000000e66       0x2e ./Core/Src/button_reading.o
 .debug_macro   0x0000000000000e94       0x22 ./Core/Src/button_reading.o
 .debug_macro   0x0000000000000eb6       0x22 ./Core/Src/button_reading.o
 .debug_macro   0x0000000000000ed8       0x8e ./Core/Src/button_reading.o
 .debug_macro   0x0000000000000f66       0x51 ./Core/Src/button_reading.o
 .debug_macro   0x0000000000000fb7      0x103 ./Core/Src/button_reading.o
 .debug_macro   0x00000000000010ba       0x6a ./Core/Src/button_reading.o
 .debug_macro   0x0000000000001124      0x1df ./Core/Src/button_reading.o
 .debug_macro   0x0000000000001303       0x1c ./Core/Src/button_reading.o
 .debug_macro   0x000000000000131f       0x22 ./Core/Src/button_reading.o
 .debug_macro   0x0000000000001341       0xc3 ./Core/Src/button_reading.o
 .debug_macro   0x0000000000001404      0xd23 ./Core/Src/button_reading.o
 .debug_macro   0x0000000000002127     0xde75 ./Core/Src/button_reading.o
 .debug_macro   0x000000000000ff9c       0x6d ./Core/Src/button_reading.o
 .debug_macro   0x0000000000010009     0x34a2 ./Core/Src/button_reading.o
 .debug_macro   0x00000000000134ab      0x174 ./Core/Src/button_reading.o
 .debug_macro   0x000000000001361f       0x5c ./Core/Src/button_reading.o
 .debug_macro   0x000000000001367b      0x5bc ./Core/Src/button_reading.o
 .debug_macro   0x0000000000013c37      0x1b7 ./Core/Src/button_reading.o
 .debug_macro   0x0000000000013dee      0x1cb ./Core/Src/button_reading.o
 .debug_macro   0x0000000000013fb9      0x114 ./Core/Src/button_reading.o
 .debug_macro   0x00000000000140cd      0x1b2 ./Core/Src/button_reading.o
 .debug_macro   0x000000000001427f       0x27 ./Core/Src/button_reading.o
 .debug_macro   0x00000000000142a6      0x12f ./Core/Src/button_reading.o
 .debug_macro   0x00000000000143d5      0x1bc ./Core/Src/button_reading.o
 .debug_macro   0x0000000000014591       0x34 ./Core/Src/button_reading.o
 .debug_macro   0x00000000000145c5       0x3c ./Core/Src/button_reading.o
 .debug_macro   0x0000000000014601       0x57 ./Core/Src/button_reading.o
 .debug_macro   0x0000000000014658       0x87 ./Core/Src/button_reading.o
 .debug_macro   0x00000000000146df      0x183 ./Core/Src/button_reading.o
 .debug_macro   0x0000000000014862      0x140 ./Core/Src/button_reading.o
 .debug_macro   0x00000000000149a2      0x8ed ./Core/Src/button_reading.o
 .debug_macro   0x000000000001528f       0x69 ./Core/Src/button_reading.o
 .debug_macro   0x00000000000152f8       0xf4 ./Core/Src/button_reading.o
 .debug_macro   0x00000000000153ec       0x1c ./Core/Src/button_reading.o
 .debug_macro   0x0000000000015408      0x1cf ./Core/Src/counter.o
 .debug_macro   0x00000000000155d7       0x10 ./Core/Src/counter.o
 .debug_macro   0x00000000000155e7      0x1bf ./Core/Src/display7SEG.o
 .debug_macro   0x00000000000157a6      0x1d3 ./Core/Src/global.o
 .debug_macro   0x0000000000015979       0x70 ./Core/Src/global.o
 .debug_macro   0x00000000000159e9       0x22 ./Core/Src/global.o
 .debug_macro   0x0000000000015a0b       0x10 ./Core/Src/global.o
 .debug_macro   0x0000000000015a1b       0x10 ./Core/Src/global.o
 .debug_macro   0x0000000000015a2b      0x20f ./Core/Src/main.o
 .debug_macro   0x0000000000015c3a      0x1af ./Core/Src/software_timer.o
 .debug_macro   0x0000000000015de9      0x1a6 ./Core/Src/stm32f1xx_hal_msp.o
 .debug_macro   0x0000000000015f8f      0x1b0 ./Core/Src/stm32f1xx_it.o
 .debug_macro   0x000000000001613f      0x197 ./Core/Src/system_stm32f1xx.o
 .debug_macro   0x00000000000162d6      0x1dd ./Core/Src/traffic_light_fsm_auto.o
 .debug_macro   0x00000000000164b3      0x1dd ./Core/Src/traffic_light_fsm_man.o
 .debug_macro   0x0000000000016690      0x1dd ./Core/Src/traffic_light_fsm_sel.o
 .debug_macro   0x000000000001686d      0x1dd ./Core/Src/traffic_light_fsm_set.o
 .debug_macro   0x0000000000016a4a      0x1bb ./Drivers/STM32F1xx_HAL_Driver/Src/stm32f1xx_hal.o
 .debug_macro   0x0000000000016c05      0x197 ./Drivers/STM32F1xx_HAL_Driver/Src/stm32f1xx_hal_cortex.o
 .debug_macro   0x0000000000016d9c      0x202 ./Drivers/STM32F1xx_HAL_Driver/Src/stm32f1xx_hal_gpio.o
 .debug_macro   0x0000000000016f9e      0x1a9 ./Drivers/STM32F1xx_HAL_Driver/Src/stm32f1xx_hal_rcc.o
 .debug_macro   0x0000000000017147      0x198 ./Drivers/STM32F1xx_HAL_Driver/Src/stm32f1xx_hal_tim.o
 .debug_macro   0x00000000000172df      0x197 ./Drivers/STM32F1xx_HAL_Driver/Src/stm32f1xx_hal_tim_ex.o

.debug_line     0x0000000000000000     0xd5e4
 .debug_line    0x0000000000000000      0x77c ./Core/Src/button_reading.o
 .debug_line    0x000000000000077c      0x751 ./Core/Src/counter.o
 .debug_line    0x0000000000000ecd      0x75b ./Core/Src/display7SEG.o
 .debug_line    0x0000000000001628      0x693 ./Core/Src/global.o
 .debug_line    0x0000000000001cbb      0x862 ./Core/Src/main.o
 .debug_line    0x000000000000251d      0x6f9 ./Core/Src/software_timer.o
 .debug_line    0x0000000000002c16      0x6a1 ./Core/Src/stm32f1xx_hal_msp.o
 .debug_line    0x00000000000032b7      0x73f ./Core/Src/stm32f1xx_it.o
 .debug_line    0x00000000000039f6      0x6e3 ./Core/Src/system_stm32f1xx.o
 .debug_line    0x00000000000040d9      0x762 ./Core/Src/traffic_light_fsm_auto.o
 .debug_line    0x000000000000483b      0x752 ./Core/Src/traffic_light_fsm_man.o
 .debug_line    0x0000000000004f8d      0x7fa ./Core/Src/traffic_light_fsm_sel.o
 .debug_line    0x0000000000005787      0x799 ./Core/Src/traffic_light_fsm_set.o
 .debug_line    0x0000000000005f20       0x86 ./Core/Startup/startup_stm32f103c6ux.o
 .debug_line    0x0000000000005fa6      0x910 ./Drivers/STM32F1xx_HAL_Driver/Src/stm32f1xx_hal.o
 .debug_line    0x00000000000068b6      0xaf8 ./Drivers/STM32F1xx_HAL_Driver/Src/stm32f1xx_hal_cortex.o
 .debug_line    0x00000000000073ae      0x993 ./Drivers/STM32F1xx_HAL_Driver/Src/stm32f1xx_hal_gpio.o
 .debug_line    0x0000000000007d41      0xd1c ./Drivers/STM32F1xx_HAL_Driver/Src/stm32f1xx_hal_rcc.o
 .debug_line    0x0000000000008a5d     0x3361 ./Drivers/STM32F1xx_HAL_Driver/Src/stm32f1xx_hal_tim.o
 .debug_line    0x000000000000bdbe     0x1826 ./Drivers/STM32F1xx_HAL_Driver/Src/stm32f1xx_hal_tim_ex.o

.debug_str      0x0000000000000000    0x825ea
 .debug_str     0x0000000000000000    0x7f88a ./Core/Src/button_reading.o
                                      0x7fc0b (size before relaxing)
 .debug_str     0x000000000007f88a       0xcc ./Core/Src/counter.o
                                      0x7fb43 (size before relaxing)
 .debug_str     0x000000000007f956       0x71 ./Core/Src/display7SEG.o
                                      0x7fb4a (size before relaxing)
 .debug_str     0x000000000007f9c7      0x10f ./Core/Src/global.o
                                      0x7fc84 (size before relaxing)
 .debug_str     0x000000000007fad6      0x758 ./Core/Src/main.o
                                      0x804be (size before relaxing)
 .debug_str     0x000000000008022e       0x8e ./Core/Src/software_timer.o
                                      0x7fb23 (size before relaxing)
 .debug_str     0x00000000000802bc      0x2ba ./Core/Src/stm32f1xx_hal_msp.o
                                      0x80287 (size before relaxing)
 .debug_str     0x0000000000080576       0xcd ./Core/Src/stm32f1xx_it.o
                                      0x7ffe9 (size before relaxing)
 .debug_str     0x0000000000080643       0x52 ./Core/Src/system_stm32f1xx.o
                                      0x7f773 (size before relaxing)
 .debug_str     0x0000000000080695       0x3c ./Core/Src/traffic_light_fsm_auto.o
                                      0x7fcfb (size before relaxing)
 .debug_str     0x00000000000806d1       0x3a ./Core/Src/traffic_light_fsm_man.o
                                      0x7fcf8 (size before relaxing)
 .debug_str     0x000000000008070b       0x3a ./Core/Src/traffic_light_fsm_sel.o
                                      0x7fcf8 (size before relaxing)
 .debug_str     0x0000000000080745       0x3a ./Core/Src/traffic_light_fsm_set.o
                                      0x7fcf8 (size before relaxing)
 .debug_str     0x000000000008077f       0x36 ./Core/Startup/startup_stm32f103c6ux.o
                                         0x67 (size before relaxing)
 .debug_str     0x00000000000807b5      0x304 ./Drivers/STM32F1xx_HAL_Driver/Src/stm32f1xx_hal.o
                                      0x7fdca (size before relaxing)
 .debug_str     0x0000000000080ab9      0x300 ./Drivers/STM32F1xx_HAL_Driver/Src/stm32f1xx_hal_cortex.o
                                      0x7fdd2 (size before relaxing)
 .debug_str     0x0000000000080db9      0x316 ./Drivers/STM32F1xx_HAL_Driver/Src/stm32f1xx_hal_gpio.o
                                      0x7fb37 (size before relaxing)
 .debug_str     0x00000000000810cf      0x24f ./Drivers/STM32F1xx_HAL_Driver/Src/stm32f1xx_hal_rcc.o
                                      0x7fb70 (size before relaxing)
 .debug_str     0x000000000008131e      0xdde ./Drivers/STM32F1xx_HAL_Driver/Src/stm32f1xx_hal_tim.o
                                      0x80b59 (size before relaxing)
 .debug_str     0x00000000000820fc      0x4ee ./Drivers/STM32F1xx_HAL_Driver/Src/stm32f1xx_hal_tim_ex.o
                                      0x802fa (size before relaxing)

.comment        0x0000000000000000       0x53
 .comment       0x0000000000000000       0x53 ./Core/Src/button_reading.o
                                         0x54 (size before relaxing)
 .comment       0x0000000000000053       0x54 ./Core/Src/counter.o
 .comment       0x0000000000000053       0x54 ./Core/Src/display7SEG.o
 .comment       0x0000000000000053       0x54 ./Core/Src/global.o
 .comment       0x0000000000000053       0x54 ./Core/Src/main.o
 .comment       0x0000000000000053       0x54 ./Core/Src/software_timer.o
 .comment       0x0000000000000053       0x54 ./Core/Src/stm32f1xx_hal_msp.o
 .comment       0x0000000000000053       0x54 ./Core/Src/stm32f1xx_it.o
 .comment       0x0000000000000053       0x54 ./Core/Src/system_stm32f1xx.o
 .comment       0x0000000000000053       0x54 ./Core/Src/traffic_light_fsm_auto.o
 .comment       0x0000000000000053       0x54 ./Core/Src/traffic_light_fsm_man.o
 .comment       0x0000000000000053       0x54 ./Core/Src/traffic_light_fsm_sel.o
 .comment       0x0000000000000053       0x54 ./Core/Src/traffic_light_fsm_set.o
 .comment       0x0000000000000053       0x54 ./Drivers/STM32F1xx_HAL_Driver/Src/stm32f1xx_hal.o
 .comment       0x0000000000000053       0x54 ./Drivers/STM32F1xx_HAL_Driver/Src/stm32f1xx_hal_cortex.o
 .comment       0x0000000000000053       0x54 ./Drivers/STM32F1xx_HAL_Driver/Src/stm32f1xx_hal_gpio.o
 .comment       0x0000000000000053       0x54 ./Drivers/STM32F1xx_HAL_Driver/Src/stm32f1xx_hal_rcc.o
 .comment       0x0000000000000053       0x54 ./Drivers/STM32F1xx_HAL_Driver/Src/stm32f1xx_hal_tim.o
 .comment       0x0000000000000053       0x54 ./Drivers/STM32F1xx_HAL_Driver/Src/stm32f1xx_hal_tim_ex.o

.debug_frame    0x0000000000000000     0x28bc
 .debug_frame   0x0000000000000000       0x88 ./Core/Src/button_reading.o
 .debug_frame   0x0000000000000088       0x74 ./Core/Src/counter.o
 .debug_frame   0x00000000000000fc       0xa0 ./Core/Src/display7SEG.o
 .debug_frame   0x000000000000019c       0xd4 ./Core/Src/main.o
 .debug_frame   0x0000000000000270       0xac ./Core/Src/software_timer.o
 .debug_frame   0x000000000000031c       0x80 ./Core/Src/stm32f1xx_hal_msp.o
 .debug_frame   0x000000000000039c      0x120 ./Core/Src/stm32f1xx_it.o
 .debug_frame   0x00000000000004bc       0x58 ./Core/Src/system_stm32f1xx.o
 .debug_frame   0x0000000000000514       0x2c ./Core/Src/traffic_light_fsm_auto.o
 .debug_frame   0x0000000000000540       0x2c ./Core/Src/traffic_light_fsm_man.o
 .debug_frame   0x000000000000056c       0x2c ./Core/Src/traffic_light_fsm_sel.o
 .debug_frame   0x0000000000000598       0x2c ./Core/Src/traffic_light_fsm_set.o
 .debug_frame   0x00000000000005c4      0x334 ./Drivers/STM32F1xx_HAL_Driver/Src/stm32f1xx_hal.o
 .debug_frame   0x00000000000008f8      0x428 ./Drivers/STM32F1xx_HAL_Driver/Src/stm32f1xx_hal_cortex.o
 .debug_frame   0x0000000000000d20      0x14c ./Drivers/STM32F1xx_HAL_Driver/Src/stm32f1xx_hal_gpio.o
 .debug_frame   0x0000000000000e6c      0x218 ./Drivers/STM32F1xx_HAL_Driver/Src/stm32f1xx_hal_rcc.o
 .debug_frame   0x0000000000001084     0x11b4 ./Drivers/STM32F1xx_HAL_Driver/Src/stm32f1xx_hal_tim.o
 .debug_frame   0x0000000000002238      0x638 ./Drivers/STM32F1xx_HAL_Driver/Src/stm32f1xx_hal_tim_ex.o
 .debug_frame   0x0000000000002870       0x2c c:/st/stm32cubeide_1.7.0/stm32cubeide/plugins/com.st.stm32cube.ide.mcu.externaltools.gnu-tools-for-stm32.9-2020-q2-update.win32_2.0.0.202105311346/tools/bin/../lib/gcc/arm-none-eabi/9.3.1/../../../../arm-none-eabi/lib/thumb/v7-m/nofp\libc_nano.a(lib_a-init.o)
 .debug_frame   0x000000000000289c       0x20 c:/st/stm32cubeide_1.7.0/stm32cubeide/plugins/com.st.stm32cube.ide.mcu.externaltools.gnu-tools-for-stm32.9-2020-q2-update.win32_2.0.0.202105311346/tools/bin/../lib/gcc/arm-none-eabi/9.3.1/../../../../arm-none-eabi/lib/thumb/v7-m/nofp\libc_nano.a(lib_a-memset.o)
